C:\Users\txgcs\WorkBuddy\zjb\mod\HealthCooldownLine\runtime_src\HealthCooldownLineEntry.cs(1924,24): error CS0103: 当前上下文中不存在名称“character” [C:\Users\txgcs\WorkBuddy\zjb\mod\HealthCooldownLine\runtime_src\HealthCooldownLine.csproj]
C:\Users\txgcs\WorkBuddy\zjb\mod\HealthCooldownLine\runtime_src\HealthCooldownLineEntry.cs(1925,23): error CS0120: 对象引用对于非静态的字段、方法或属性“HealthCooldownLineEntry._fBuffDict”是必需的 [C:\Users\txgcs\WorkBuddy\zjb\mod\HealthCooldownLine\runtime_src\HealthCooldownLine.csproj]
C:\Users\txgcs\WorkBuddy\zjb\mod\HealthCooldownLine\runtime_src\HealthCooldownLineEntry.cs(1928,9): error CS0120: 对象引用对于非静态的字段、方法或属性“HealthCooldownLineEntry._fBuffDict”是必需的 [C:\Users\txgcs\WorkBuddy\zjb\mod\HealthCooldownLine\runtime_src\HealthCooldownLine.csproj]
C:\Users\txgcs\WorkBuddy\zjb\mod\HealthCooldownLine\runtime_src\HealthCooldownLineEntry.cs(1937,24): error CS0120: 对象引用对于非静态的字段、方法或属性“HealthCooldownLineEntry.GetBuffTimeScaleField(Type)”是必需的 [C:\Users\txgcs\WorkBuddy\zjb\mod\HealthCooldownLine\runtime_src\HealthCooldownLine.csproj]
C:\Users\txgcs\WorkBuddy\zjb\mod\HealthCooldownLine\runtime_src\HealthCooldownLineEntry.cs(1960,64): error CS0103: 当前上下文中不存在名称“cm” [C:\Users\txgcs\WorkBuddy\zjb\mod\HealthCooldownLine\runtime_src\HealthCooldownLine.csproj]
C:\Users\txgcs\WorkBuddy\zjb\mod\HealthCooldownLine\runtime_src\HealthCooldownLineEntry.cs(1961,24): error CS0120: 对象引用对于非静态的字段、方法或属性“HealthCooldownLineEntry._fAtkIntervalBase”是必需的 [C:\Users\txgcs\WorkBuddy\zjb\mod\HealthCooldownLine\runtime_src\HealthCooldownLine.csproj]
C:\Users\txgcs\WorkBuddy\zjb\mod\HealthCooldownLine\runtime_src\HealthCooldownLineEntry.cs(1961,53): error CS0120: 对象引用对于非静态的字段、方法或属性“HealthCooldownLineEntry._fAtkInterval”是必需的 [C:\Users\txgcs\WorkBuddy\zjb\mod\HealthCooldownLine\runtime_src\HealthCooldownLine.csproj]
C:\Users\txgcs\WorkBuddy\zjb\mod\HealthCooldownLine\runtime_src\HealthCooldownLineEntry.cs(1963,19): error CS0120: 对象引用对于非静态的字段、方法或属性“HealthCooldownLineEntry._fAtkIntervalBase”是必需的 [C:\Users\txgcs\WorkBuddy\zjb\mod\HealthCooldownLine\runtime_src\HealthCooldownLine.csproj]
C:\Users\txgcs\WorkBuddy\zjb\mod\HealthCooldownLine\runtime_src\HealthCooldownLineEntry.cs(1964,26): error CS0120: 对象引用对于非静态的字段、方法或属性“HealthCooldownLineEntry._fAtkIntervalBase”是必需的 [C:\Users\txgcs\WorkBuddy\zjb\mod\HealthCooldownLine\runtime_src\HealthCooldownLine.csproj]
C:\Users\txgcs\WorkBuddy\zjb\mod\HealthCooldownLine\runtime_src\HealthCooldownLineEntry.cs(1965,19): error CS0120: 对象引用对于非静态的字段、方法或属性“HealthCooldownLineEntry._fAtkInterval”是必需的 [C:\Users\txgcs\WorkBuddy\zjb\mod\HealthCooldownLine\runtime_src\HealthCooldownLine.csproj]
C:\Users\txgcs\WorkBuddy\zjb\mod\HealthCooldownLine\runtime_src\HealthCooldownLineEntry.cs(1966,26): error CS0120: 对象引用对于非静态的字段、方法或属性“HealthCooldownLineEntry._fAtkInterval”是必需的 [C:\Users\txgcs\WorkBuddy\zjb\mod\HealthCooldownLine\runtime_src\HealthCooldownLine.csproj]
C:\Users\txgcs\WorkBuddy\zjb\mod\HealthCooldownLine\runtime_src\HealthCooldownLineEntry.cs(1975,42): error CS0120: 对象引用对于非静态的字段、方法或属性“HealthCooldownLineEntry._buffReported”是必需的 [C:\Users\txgcs\WorkBuddy\zjb\mod\HealthCooldownLine\runtime_src\HealthCooldownLine.csproj]
C:\Users\txgcs\WorkBuddy\zjb\mod\HealthCooldownLine\runtime_src\HealthCooldownLineEntry.cs(1975,60): error CS0103: 当前上下文中不存在名称“charName” [C:\Users\txgcs\WorkBuddy\zjb\mod\HealthCooldownLine\runtime_src\HealthCooldownLine.csproj]
C:\Users\txgcs\WorkBuddy\zjb\mod\HealthCooldownLine\runtime_src\HealthCooldownLineEntry.cs(1977,19): error CS0103: 当前上下文中不存在名称“charName” [C:\Users\txgcs\WorkBuddy\zjb\mod\HealthCooldownLine\runtime_src\HealthCooldownLine.csproj]
C:\Users\txgcs\WorkBuddy\zjb\mod\HealthCooldownLine\runtime_src\HealthCooldownLineEntry.cs(1980,8): error CS0120: 对象引用对于非静态的字段、方法或属性“HealthCooldownLineEntry.CatOn(int)”是必需的 [C:\Users\txgcs\WorkBuddy\zjb\mod\HealthCooldownLine\runtime_src\HealthCooldownLine.csproj]
C:\Users\txgcs\WorkBuddy\zjb\mod\HealthCooldownLine\runtime_src\HealthCooldownLineEntry.cs(1980,20): error CS0103: 当前上下文中不存在名称“lines” [C:\Users\txgcs\WorkBuddy\zjb\mod\HealthCooldownLine\runtime_src\HealthCooldownLine.csproj]
C:\Users\txgcs\WorkBuddy\zjb\mod\HealthCooldownLine\runtime_src\HealthCooldownLineEntry.cs(1984,6): error CS0103: 当前上下文中不存在名称“lines” [C:\Users\txgcs\WorkBuddy\zjb\mod\HealthCooldownLine\runtime_src\HealthCooldownLine.csproj]
C:\Users\txgcs\WorkBuddy\zjb\mod\HealthCooldownLine\runtime_src\HealthCooldownLineEntry.cs(1986,25): error CS0103: 当前上下文中不存在名称“lines” [C:\Users\txgcs\WorkBuddy\zjb\mod\HealthCooldownLine\runtime_src\HealthCooldownLine.csproj]
C:\Users\txgcs\WorkBuddy\zjb\mod\HealthCooldownLine\runtime_src\HealthCooldownLineEntry.cs(1988,6): error CS0103: 当前上下文中不存在名称“lines” [C:\Users\txgcs\WorkBuddy\zjb\mod\HealthCooldownLine\runtime_src\HealthCooldownLine.csproj]
C:\Users\txgcs\WorkBuddy\zjb\mod\HealthCooldownLine\runtime_src\HealthCooldownLineEntry.cs(1919,3): warning CS0162: 检测到无法访问的代码 [C:\Users\txgcs\WorkBuddy\zjb\mod\HealthCooldownLine\runtime_src\HealthCooldownLine.csproj]
C:\Users\txgcs\WorkBuddy\zjb\mod\HealthCooldownLine\runtime_src\HealthCooldownLineEntry.cs(2303,15): warning CS0169: 从不使用字段“HealthCooldownLineEntry._initFaultReported” [C:\Users\txgcs\WorkBuddy\zjb\mod\HealthCooldownLine\runtime_src\HealthCooldownLine.csproj]
C:\Users\txgcs\WorkBuddy\zjb\mod\HealthCooldownLine\runtime_src\HealthCooldownLineEntry.cs(137,15): warning CS0169: 从不使用字段“HealthCooldownLineEntry._dbgNoCharReported” [C:\Users\txgcs\WorkBuddy\zjb\mod\HealthCooldownLine\runtime_src\HealthCooldownLine.csproj]

生成失败。

C:\Users\txgcs\WorkBuddy\zjb\mod\HealthCooldownLine\runtime_src\HealthCooldownLineEntry.cs(1919,3): warning CS0162: 检测到无法访问的代码 [C:\Users\txgcs\WorkBuddy\zjb\mod\HealthCooldownLine\runtime_src\HealthCooldownLine.csproj]
C:\Users\txgcs\WorkBuddy\zjb\mod\HealthCooldownLine\runtime_src\HealthCooldownLineEntry.cs(2303,15): warning CS0169: 从不使用字段“HealthCooldownLineEntry._initFaultReported” [C:\Users\txgcs\WorkBuddy\zjb\mod\HealthCooldownLine\runtime_src\HealthCooldownLine.csproj]
C:\Users\txgcs\WorkBuddy\zjb\mod\HealthCooldownLine\runtime_src\HealthCooldownLineEntry.cs(137,15): warning CS0169: 从不使用字段“HealthCooldownLineEntry._dbgNoCharReported” [C:\Users\txgcs\WorkBuddy\zjb\mod\HealthCooldownLine\runtime_src\HealthCooldownLine.csproj]
C:\Users\txgcs\WorkBuddy\zjb\mod\HealthCooldownLine\runtime_src\HealthCooldownLineEntry.cs(1924,24): error CS0103: 当前上下文中不存在名称“character” [C:\Users\txgcs\WorkBuddy\zjb\mod\HealthCooldownLine\runtime_src\HealthCooldownLine.csproj]
C:\Users\txgcs\WorkBuddy\zjb\mod\HealthCooldownLine\runtime_src\HealthCooldownLineEntry.cs(1925,23): error CS0120: 对象引用对于非静态的字段、方法或属性“HealthCooldownLineEntry._fBuffDict”是必需的 [C:\Users\txgcs\WorkBuddy\zjb\mod\HealthCooldownLine\runtime_src\HealthCooldownLine.csproj]
C:\Users\txgcs\WorkBuddy\zjb\mod\HealthCooldownLine\runtime_src\HealthCooldownLineEntry.cs(1928,9): error CS0120: 对象引用对于非静态的字段、方法或属性“HealthCooldownLineEntry._fBuffDict”是必需的 [C:\Users\txgcs\WorkBuddy\zjb\mod\HealthCooldownLine\runtime_src\HealthCooldownLine.csproj]
C:\Users\txgcs\WorkBuddy\zjb\mod\HealthCooldownLine\runtime_src\HealthCooldownLineEntry.cs(1937,24): error CS0120: 对象引用对于非静态的字段、方法或属性“HealthCooldownLineEntry.GetBuffTimeScaleField(Type)”是必需的 [C:\Users\txgcs\WorkBuddy\zjb\mod\HealthCooldownLine\runtime_src\HealthCooldownLine.csproj]
C:\Users\txgcs\WorkBuddy\zjb\mod\HealthCooldownLine\runtime_src\HealthCooldownLineEntry.cs(1960,64): error CS0103: 当前上下文中不存在名称“cm” [C:\Users\txgcs\WorkBuddy\zjb\mod\HealthCooldownLine\runtime_src\HealthCooldownLine.csproj]
C:\Users\txgcs\WorkBuddy\zjb\mod\HealthCooldownLine\runtime_src\HealthCooldownLineEntry.cs(1961,24): error CS0120: 对象引用对于非静态的字段、方法或属性“HealthCooldownLineEntry._fAtkIntervalBase”是必需的 [C:\Users\txgcs\WorkBuddy\zjb\mod\HealthCooldownLine\runtime_src\HealthCooldownLine.csproj]
C:\Users\txgcs\WorkBuddy\zjb\mod\HealthCooldownLine\runtime_src\HealthCooldownLineEntry.cs(1961,53): error CS0120: 对象引用对于非静态的字段、方法或属性“HealthCooldownLineEntry._fAtkInterval”是必需的 [C:\Users\txgcs\WorkBuddy\zjb\mod\HealthCooldownLine\runtime_src\HealthCooldownLine.csproj]
C:\Users\txgcs\WorkBuddy\zjb\mod\HealthCooldownLine\runtime_src\HealthCooldownLineEntry.cs(1963,19): error CS0120: 对象引用对于非静态的字段、方法或属性“HealthCooldownLineEntry._fAtkIntervalBase”是必需的 [C:\Users\txgcs\WorkBuddy\zjb\mod\HealthCooldownLine\runtime_src\HealthCooldownLine.csproj]
C:\Users\txgcs\WorkBuddy\zjb\mod\HealthCooldownLine\runtime_src\HealthCooldownLineEntry.cs(1964,26): error CS0120: 对象引用对于非静态的字段、方法或属性“HealthCooldownLineEntry._fAtkIntervalBase”是必需的 [C:\Users\txgcs\WorkBuddy\zjb\mod\HealthCooldownLine\runtime_src\HealthCooldownLine.csproj]
C:\Users\txgcs\WorkBuddy\zjb\mod\HealthCooldownLine\runtime_src\HealthCooldownLineEntry.cs(1965,19): error CS0120: 对象引用对于非静态的字段、方法或属性“HealthCooldownLineEntry._fAtkInterval”是必需的 [C:\Users\txgcs\WorkBuddy\zjb\mod\HealthCooldownLine\runtime_src\HealthCooldownLine.csproj]
C:\Users\txgcs\WorkBuddy\zjb\mod\HealthCooldownLine\runtime_src\HealthCooldownLineEntry.cs(1966,26): error CS0120: 对象引用对于非静态的字段、方法或属性“HealthCooldownLineEntry._fAtkInterval”是必需的 [C:\Users\txgcs\WorkBuddy\zjb\mod\HealthCooldownLine\runtime_src\HealthCooldownLine.csproj]
C:\Users\txgcs\WorkBuddy\zjb\mod\HealthCooldownLine\runtime_src\HealthCooldownLineEntry.cs(1975,42): error CS0120: 对象引用对于非静态的字段、方法或属性“HealthCooldownLineEntry._buffReported”是必需的 [C:\Users\txgcs\WorkBuddy\zjb\mod\HealthCooldownLine\runtime_src\HealthCooldownLine.csproj]
C:\Users\txgcs\WorkBuddy\zjb\mod\HealthCooldownLine\runtime_src\HealthCooldownLineEntry.cs(1975,60): error CS0103: 当前上下文中不存在名称“charName” [C:\Users\txgcs\WorkBuddy\zjb\mod\HealthCooldownLine\runtime_src\HealthCooldownLine.csproj]
C:\Users\txgcs\WorkBuddy\zjb\mod\HealthCooldownLine\runtime_src\HealthCooldownLineEntry.cs(1977,19): error CS0103: 当前上下文中不存在名称“charName” [C:\Users\txgcs\WorkBuddy\zjb\mod\HealthCooldownLine\runtime_src\HealthCooldownLine.csproj]
C:\Users\txgcs\WorkBuddy\zjb\mod\HealthCooldownLine\runtime_src\HealthCooldownLineEntry.cs(1980,8): error CS0120: 对象引用对于非静态的字段、方法或属性“HealthCooldownLineEntry.CatOn(int)”是必需的 [C:\Users\txgcs\WorkBuddy\zjb\mod\HealthCooldownLine\runtime_src\HealthCooldownLine.csproj]
C:\Users\txgcs\WorkBuddy\zjb\mod\HealthCooldownLine\runtime_src\HealthCooldownLineEntry.cs(1980,20): error CS0103: 当前上下文中不存在名称“lines” [C:\Users\txgcs\WorkBuddy\zjb\mod\HealthCooldownLine\runtime_src\HealthCooldownLine.csproj]
C:\Users\txgcs\WorkBuddy\zjb\mod\HealthCooldownLine\runtime_src\HealthCooldownLineEntry.cs(1984,6): error CS0103: 当前上下文中不存在名称“lines” [C:\Users\txgcs\WorkBuddy\zjb\mod\HealthCooldownLine\runtime_src\HealthCooldownLine.csproj]
C:\Users\txgcs\WorkBuddy\zjb\mod\HealthCooldownLine\runtime_src\HealthCooldownLineEntry.cs(1986,25): error CS0103: 当前上下文中不存在名称“lines” [C:\Users\txgcs\WorkBuddy\zjb\mod\HealthCooldownLine\runtime_src\HealthCooldownLine.csproj]
C:\Users\txgcs\WorkBuddy\zjb\mod\HealthCooldownLine\runtime_src\HealthCooldownLineEntry.cs(1988,6): error CS0103: 当前上下文中不存在名称“lines” [C:\Users\txgcs\WorkBuddy\zjb\mod\HealthCooldownLine\runtime_src\HealthCooldownLine.csproj]
    3 个警告
    19 个错误

已用时间 00:00:02.50
